OOOOOOOOOOOOOOOOOOOOOOOOOOOOOOOOOOOOOOÚOOOOOOOOOOOOOOOOOOOOOOOOOOÚOOOOOOOOOOOOOOOOOOOOOOOOOÚOOOOOOOOOOOOOOOOOOOOOOOOOOOOOOOOOÚOOOOOOOOOOOOOOOOOOOOOOOOOOOOOOOOOOOOOOOOOOOOOOOOOOOOOOÚOOOOOOOOOOOOOOOOOOOOOÚOOOÚOOOOOOOOOOOOOOOOOOOÚOOOOOOOOOOOOOÚOOOOOOOOOOOOOOOOOOOOOOOOOOOOOOÚOOOOOOOOOOOOOÚOOOOOOOOOOOOOOOOOOOOOOOOOOOOOOOOOOOOOOOOOOOOOOOOOÚOOÚOOOOOOOOOOOOOOÚOOOOOOOOOOOOOOOOOÚOOOOOOOOOOOOOOOOOOOOÚOOOOOOOOOOOOOOOOOOOOOOOOOOOOOOOOOOOOOOOOOOOOOOOOOOOOÚOOOOOOOOOOOOOOOOOOOOOOOOOOOOOOOOOOOOÚOOOOOOÚOOOOOÚOOOOOOOOÚOOOÚOOOOOOOOOOOOOOOOOOOOOOÚOOOOOOOOOOOOOOOOOOOOOOOOOOOOOOOOOOOOOOOOOOOOOOOOOOOOOOOÚOOOOOOOOOOOOOOOOOOOOOOOOOOOOOOÚOÚOOOOOOOOOOOOOOOOOÚOOOOOO111××„Þ××1„×1×?ÚOO×1„1×Þ1‹å×1„×××××××××‹×„×Þ„11×„„××„„×„×Þ„×1Þ„‹„××××„‹×å„Þ××××1×„„××××„Þ×Þ×„1„„8„Þ×„„„××„××„„×××Þ„?×××××„×1×„‹1„„××Þ„„×1„„××××1ìOOO×„××‹×„×11×××„××××1„×„„×××××××××„×Þ„×Þ×„×„××8×OOOOOOOOOOOOOOOOOOOOÚŠ&