GGGGGGGGGGGÑÑGGGGGGGGGGGGGGGGÑÑGGGGGGGGGGGGGGGÑGGGGGGGGGGGGGGGÑÑGGGGGGGGGGGGGGGGGGGGGGGGGGGGÑGGGGGGGGGGGGGGGGGGGGGGGGGGGGGGGGGGGGGGGGGGGGGGGGGGGGGG ÑGGGGGGGGGGG–GGGGGGGGGGGGGGGGGGGGGGGGGGGGGGGGGGGGGGGGGGGGGGÑGGGGGGÑGGGGGGGGGGGGGGGGGGGGGGGGGGGGGGGÑGGGGGGGGGGGGGGGGGGGGGGGGGGÑGGGGGG–GGGGGGGGGGGGGÑGGGGG–GG–GÑGGGGGGGGGGGGGGGGGGGGGGGGGGGGGÑGGGGGGGGGGGGGGGGGGGGGGGGGGGGGGGÑGGGGGGGGGGGÑGGGG