ººººÒºº&ºººÒººººÒÒººÒººººººººÒºº&ºººÒººººÒÒººÒººÒººº[ººººººººººººººººÒººººººÒºººººººÒºÒÒººººººººººººººººÒÒººÒ[ººÒºººººÒºººººººººÒººººÒºÒºººººÒººÒ&ººÒÒººººººÒººÒÒºÒººººÒÒºººººêººÒºººÒºººÒººº[ºººººº[ººÒºÒÒºÒººÒºÒººÒÒº[ºÒÒººººÒºººººººººººÒºº&ºÒºººººººººººººººÒºººº&ºººÒºÒºÒÒ&&&ºººÒºººººººººººÒºÒºººººººººººººººº&ºº&ººÒººººÒººººÒºººººÒÒºÒºÒºººººÒºÒÒººÒºººººÒºÒººÒºººººº&ºÒººÒºººººººººººº&ººÒººººÒºÒºººÒºººººÒººº&ºÒº&ºººÒºººÒºººººÒººººº[ºººººÒºººÒººººººººººººººººººº&ººººººººººÒººººººººÒºººººººººººÒÒººÒÒºÒÒÒººÒººÒºÒºººÒÒÒÒºººº&ºÒÒºººÒºººº&ºQºººÒºººººººQQQQ«ååººººººººººQÒººÒQååQåººººººÒºÒºººQåºÒºººQººÒº«ººÒººººÒºQ«Q««QQQQQååººººQººººººQº[ººººººÒº5ººº&ººº&ºÒ5Òºº&º55ººººººÒººººººº&ºº5ººººººººººQº&ºÒººÒºººººººººåQQQººÒººººÒQåººººÒºÒººººåQQååQQååQQQÒºº«QQQQQåQåQQåQQQ[ººQQåQQºººººVººººQºVººººV5ººººººººººQºVVVVVÒºººQVºººººVVVÒºÒººººÒdßßßß