øG9–+²Î¤+¤Ü²ˆï–GÀˆ–ˆc+ˆ–ˆc¤+¤²¤G–ZÎ²+9–++9–––ˆc¤¤cGÎ–ˆˆˆ¤+¤ø–Î––9ˆ+²–ˆ–ê²ˆ¤G–U¤UÀÎø+cc¤Îˆq+êÜÀ²+Î"GUÀ9–ˆˆÎÎGÀˆˆ¤–²²–––Gˆq–¤Îˆ–G–¤9––ˆ9ˆ+²ˆ––¤9–¤›"ˆ9ÜˆÜ9–Î+²ˆ²êG¤–ÎýÀøˆ¤¤²ˆ+G–++¤–q¤¤––ˆ²¤G9ˆ+ÎˆˆÎ9·ˆ¤–Z–À+––ˆˆZ–À+9Ü+¤¤À¤+²–"9À–Î–¤9"9ˆU²À²9ˆ–Z²ˆÎ–cq+êê²9ˆˆÎ–Î²–+–Î²ˆˆÜ²¤"qG²¤¤ˆø¤9À–ˆˆ²9–ˆ¤9ø¤–ˆ¤ˆ²+ˆˆø--Õ=Ê€h'k;Nû<H®“ˆ¦8Ø‚è\ä