­R­­æR­÷÷÷÷­­RRRRRRR÷÷­R­ARRRRœ­÷R÷÷RRœ­÷R÷RR­÷R÷R­÷­÷­RR­œ­ÕR­­­­RR­÷A­÷­œ­œ÷œ­÷­÷AR÷RÕ­­÷­A÷­­­R­R­R­­­­RA­÷­0­­­­RR­÷A­÷­œ­­R­­œRRœ­­÷zRæ­÷­œ­­÷­RAœRR­­­÷R÷RRR­÷­÷­­­­­æR­÷÷A­÷­­­ARœ­æœA­­Ræ­‹R‹­RR÷­÷­­æ÷÷­œ÷RR­­­A÷­­­R­­­­­­­­R­­÷æ÷­­­÷­æ­­÷­R­­‹R‹­­÷­÷A­÷­æ­­­÷÷­÷œ­0AR­RRœ­œ÷zRæ­­œ÷R­œ­­­÷­­­R­­R­­÷­­RR­­­R÷­Aæ÷R­­÷R­­R‹R÷RA­­Ræ­RR÷RRœœRA­­­0­­­R­­÷­œ‹R÷÷­Õ­R÷œ­­÷œæ÷­­AR­R­­­­R­­­÷R­R­­÷­­R÷RæR­­‹RR­­ARRR­­RR­÷­­­­­AR­œR0‹­œ­­