ÜÜÜÜÜÜÜÜooooÜÜoÜÜÜÜÜÜÜÜÜoÜooÜoo+o”ºÜÜÜÜÜÜsào”ºo”x”™oÜ'sžÜsào”ºoÜÜÜÜoo+¿sÜÜÜoºå”ÄåMÜÜoå™'6ÜÜ”åMÜÜoå™'6ÜÜ”åMÜÜoå™Mào”Œ”ººà'àºs”ºo”xsÜÜ'àå'1ºMÄR¿™”Œ”º'º'¿MÜÜoå™'6ÜÜàà”,oooÜoo+o””Rº¿MÜÜoå™'6ÜÜàà”,ooMs'1ž”MM'àº™sÜsàoxMMà¿Moå™'6Üå™'Üà¿xàs'Üo”º””Œ”Wº6””RR””xàMÉ”º”,ºMà”Msººà'à'àºsºº”'”x¿å”ÄåMÜÜoº'M”'MsMàà”oos¿oº”Œº''à'ÜÜÜÜÜMs'1ž”MM'ºMÜÜoåž”M™'sxàW¿””s™ºÜooooÜÜoÜÜÜº'º™'”M