·%ó˜lz#<¬Î3†ƒ	'(7k>T7ƒGõÕ].õì<8qîjÄx/×G÷ÿÖ˜ºzë€¢Çø[÷R%ÁÝï«âKs³fF#ºJÂp>î¶Ä—éDŽ•Ò)§Ä©O¹ä–ó´»ËÐñò•¸s¼e<–i¸Xè²ôAÊÿä’Y)îüùx8R$ÂÂÂÂÂpÂÂpÂ™p™Âpp™Â™ÂÂÂ™Â™™™ÂGÂÂÂÂ™™ÂÂ™ÂÂÂ™ÂÂ™ÂÂÂÂÂ™Â™ÂÂ™ÂÂÂÂÂ™™Â™Â™ÂpÂpÂ™Â™ÂÂÂpÂpÂpÂÂ™p™G™™ÂÂ™™ÂGõ™Âp™™ÂÂÂpÂõÂ™GÂG™(Â™ÂÂÂÂÂõ™ÂÂÂppÂGÂÂõ™™™Â™Â™™Â™ÂÂÂÂ™™™ÂÂÂ™ÂÂÂÂÂÂ™™Ì™™™™p™ÂÂÂÂÂppppÂp™Â™pÂÂÂÂGÂÂÂ™p™™Â™ÂG™ÌppÌp™™ÂÂ™GÂÂ™pÂ™ÂÂÂÂÂÂ™Â™ÂÂÂ™ÂG™™™õÌÂ™Â™™™pp»ËÐñp™G™™ÂQ„Ñ<Ón¾(‰L‡,!¢öìU‡à¨É