ŽŽ””””–ŽŽŽŽŽŽŽŽŽŽŽŽŽŽŽŽŽŽŽŽŽŽŽŽŽ’ŽŽŽŽŽ–ŽŽŽŽŽŽŽ”Ž’ŽŽ’’ŽŽŽŽ’’Ž”Ž”Ž”ŽŽ”ŽšŽŽŽŽŽŽŽŽ’ŽŽŽŽŽŽŽŽŽŽŽŽŽŽŽŽŽŽŽŽ–’ŽŽŽŽŽŽŽŽŽŽ”ŽŽŽŽŽŽŽŽŽŽ–ŽŽŽŽŽŽŽŽŽŽŽŽ”ŽŽŽŽŽŽŽŽŽŽŽ’ŽŽ’ŽŽŽŽ”ŽŽŽŽŽŽŽ”ŽŽŽŽŽŽŽŽŽŽŽŽŽŽŽŽŽ’ŽŽ”ŽŽŽŽ”ŽŽ–ŽŽŽŽŽŽ’ŽŽŽŽŽŽ’ŽŽŽŽŽ’Ž–ŽŽŽŽŽŽ”ŽŽŽŽŽŽŽŽŽŽŽ’ŽŽŽŽŽŽŽ–’’ŽŽŽŽŽŽŽŽŽŽŽŽŽŽŽŽŽŽŽŽŽŽŽ’””ŽŽ’’ŽŽ”ŽŽŽŽŽŽ’ŽŽŽŽŽŽŽŽŽŽŽŽŽŽŽŽŽŽŽŽ’’ŽŽŽŽŽŽŽŽŽŽ