™?™Ζl  Ζ ε   ? σσΖσ#‹ ^‹‹‹Χ } ?lΖσε ΖlΈ εΖσ?Pεε  Ζ™ l?™™  σ? ‹1?‹ΖΈσlªlσσ}€σ1Χ σll ^ΖεεσΖ^Έlσ# σllΈ εΖσ?PεΧ } ?lΖσε   l‹? Έσ^Χσ‹  σΈ  ?ΖlΖ^lΈl1??l™ε™ Χ™ªΖΧΖ Έ1σσ ™ΈΖ™ σ1ε‹ΖσlΖ ? ΈlΧσP‹oΈσΖ ΖΖσ?  lσΈ‹Ζ εΖσσ™σσΖσ  ™1Ζ εΖΈ™?1 lσ ™ ‹}  &™φ?™ ‹™?εσΖ™ε? ª^™σll‹} ^  l ^ ΖεΈ?Ζσσσ P™ σΖ™ σ? ΖΧ‹lΖ  1Ζ™1lσ ^lΖ™ΖΧεεlΙ™σ™Ζ lε?σ σ €™ΖΈ?ΖΖ™?σ l?εΖ ™εσ‹ε ΈΈΈσ}P 1l^ ™Έ  σ σ™lΖ ?4™  ε?σΖσ#Ζ™ lΖεσ ™l‹1Έσε ™ lσσΖσ »?? Έ^™^ΖΈ  Ζ l?lσ??σ lΖΖ l™™εσ  σ™lΖ  Ζ?ª ?lΖlΖΖσΈ‹σσΖθ}Ζ Έ?ΖΧ ™σσl  ?lΖ1ª lΖ1?σ^1Ζl1™1σΖ™σ?Ζ?o Χ™ σ‹Ζ ε  1   ‹Έ ? Ζ σ  ™ ™ Ζ‹‹θ?Έσl‹Έ  ?σ#Ζ™ lΖεσ ™l‹1Έσε ™ lσσΖσ »™???σ?™™}σ Έ™1™σ™1 1™ ™σΈ  ΈΖΈ™σ ^^σ ΧΖ Χ σε™Ζ  l?™ ™Ζ»?ΖΖ™Έ™ ΖªσεσεΈ    llΖΈ σ^Ζσ™σ1»σΖl‹‹σΖσ 1?lσΖ}#φ Ζ‹ε? ™Ζσl111σΈl  σl^?Ζσ o™^™P?™ε™σσσ PΖlP‹?Ζ™™σσ™ΖΖ Χ™lΖ ^Ι?σl  Ζσ}σΖσ™Ζ^l™σ ?σσ ™ εσΖ ?Έ™ ΖΧPεΈσ  ?Ζσ ‹ΈΈ ΈoΖ‹1σσlεεΖ^σσε ‹Pσσ Ζ™l™εεσσ™Ζ??ΖΖ1Ζ l^Ζ εΖlΖ1Ζ l^5ω4C±μRχΧ3z+ύFv­+Κ,7~x‰mψ‚6lεεW™εεωlσσΖσμRχδ