''''''''''''''Ú@@@''''''@''''Ú'@@@Ú@''''Ú'''''''''''''@Ú'''Ú''''''''@Ú''''''ÚÚ''''ÚÚ''''Ú'''Ú'''@Ú''''''''''Ú@ÚÚ'''Ú'Ú'ÚÚ'@Ú''''''''Ú'''@Ú'''''ÚÚÚ'Ú'@''Ú'''¦''''Ú''Ú''''@Ú''''''''''''''''Ú''''''Ú'''Ú'@Ú'Ú'''Ú'''''''''''ÚÚ'Ú'YóÚ'''@''ÚÚÚ'YóÚ''@Ú'Ú'''''Ú''''@Ú''''''''''''''''''''''''Ú''Ú'''''Ú''Ú'''ÚÚ''Ú''Ú'Ú''Ú'Ú'Ú'Ú'''Ú'YóÚ'Ú'Ú''''''''Ú''Ú''@Ú'Ú'Ú''ÚÚ''@