


























































о



о






о










































о













о

о












о






о


































о


о

















о







о































оо









оо




























о





о












































о








оо















о








о








































о



■

















о







оо








ооо





















о



о
о










о

оо

о











о
о
















































































о
о














о









о









о































о


о
























о







о



о














оо





о








о





о














































о














о


















оо






о













о










о




































о
















о



о







о














о







о






о



о
о




















о







о










о






































о








































о








о













о












ооо
оо
о






























о
















оо
Y













о

о





о
о








о
о










о







о











о











о
о
о

о



о
















оо



о





о



о








о

о












оо










о









ооо












ооо




















о


о





о





оо

































оо

■




о





о















о





























о




о

■

















































о













о





о








оо
о









о




















о




о


















оо










о


о






оо



о
о







о
о








оо











о










оо









о











о
о










