ииии░ии░иииWиииии░ииииииии░иииии░и░░иииWии░ииииииWииииииии░░ииииии░░иииWии░ииииииWиииииииииииWиииии░ииииииии░ииииии░ии░░░ииииии░ииииии░и░░иииииWииииииииии░и░иии░иииии░ииииииии░и░ииииииWиииии░ии░иииWии░иии░и░ииииииWиииии░ии░иииWи░░иииииW░Wииии░ии░иииииииWииииииииииии░и░Wииииии░и░╛ииииии░░иииииWиии░░░ииииииWииииии░и░╛ииии░и░иии░иииии░ииииииии░и