VVVVVVVVVVVVVVVVVVVVVVgVVVVVVVVVVgVgVVVVgVVVVVVVVgxVVVgVVVVVVVVgVVVVVVVVVgVVVVVVVgVVVgVVVgVgVVgVgVVgVVVVVVVVVVVVgVgVVVVVVVVVVVVVgxgxgxVVVxVVgxgVggVVgxVgVVVVVVVVgVgVVVVVVVVVVVgVVVVVVVVVVVVVVVVVVVVVVVVVgVVggVgVxVVVVVVgVVVVgggxVVgVgVVVVVV‰VVVVVVVVVVVVVVVšVVVVVVVggVgVVVVVVVVVVxVxVVVxVxVgxVgVVVgVVVVggVgVVVgVgVVVVgVVVVVVgxVgxVgVVgVVVVggVgVgVVVxVVVVVVgVVVgV‰VVVVggxgVgVVVVVšVVVVxVgxVVVVVVVVVgVVgVxVgVVVVgVVVVVVVVgVVVgggVxVVšVVVgVVggVVVxVVVVVVVšVVxVVšVVxVVVVVVVVVVVVVVVggVgVVVVVVVVVgVVVgVVVVVVVVVVgVVVVVxVgVVVxVV«šVVxVgVgVgVVgVVVVVgVVVgVggVVgxVgVgVVVVxVgVVVVxVVVVVgVVVVVxVVVVVVgVVV‰VVVVVxVVVVVgVgVVVVVVgVVVgVVVgVVVVVVVVVVxVgVVVVxgVVVVgVgV‰VxVgVV‰VVVVVgVxVgVggVVVVVxVgVVVxVVVVVgVVggVgVVVVVVVVggVVVxVVVVVVVVVVVVVVggVVVVgVgVVxgVVVggVVVVVVggVVVVVVgVgæVVgæVVgùùVVVVùùùùùùùùùVVVVVùùùùùùùùVxgùùùùgVVVùùæùùæùùÓùæùùùæùæùùùùÓææÓùùæùùùVVVVVVVæùùùæjEggVVVVgVÀ¹MžÂŠÅØæ5gý“VVgæVWÈ×gVVV9¿