:####:###::###########:###############Q################:#####:#####:#:#Q###########:####:####::######:##:##############Q####################Q######Q#:###########::#:#######:#######:##:#:#:###########:##Q##:###Q######:########:#:Q#:###Q##Q####::Ä111111111111111Ä1111W111WW11111W1111Ä11Ä11W11Ä###1W}1Ä1Ä1111111Ä11111Ä111Ä1111W}111Ä#11111ÄÄ1Ä1111111W11Ä11Ä1111Ä1