ËËËËËÈËËËÈËËÈËËËËËËËËËËËËËËËËËËËËËËËËËËËËËËÈËËËËËËËËËËËËËËËËËËËËËËËËÈËËËËËËËËËËÈËËËËËËËËËËËËËËÈËËËËËËËËËÈËËËËËËÈËËËËËËËËËËÈËËËÈËËËÈËÈËËËËËËËËÈËËËËËËËËËÈËËËËËËËËËËËËËËËËËËË±À¶Vâ÷Ò9±â¹®[xËËËxxxxÒ9±ËËËËxxËËËxxxxËÈËËËËËËËËËËËËËËxxx±À¶VâxËËÈËËËËËËËËxxxËËËxxxËËËËËËxË±ÀxËËxxxËÈËËxËËËxxxxxxxxËËËxËËËËxxËËËËxxxËËËËËÈxxx÷Ò9±xËÈËËËxxxxxxxËËËx±ËËËËÈËËËËËxxÀ¶Vâ÷ÒËËÈËËxËÈËxxxËË±xxxxxxxËËÈËËÒ9±xxxxxxxxxxxxxx±xVâ÷Ò¶VâxËËÈxxxxËËxxxxxxxx