TÖTTÖÖTTÖÖTTÖÖTTÖÖTTÖÖTTÖÖTTÖÖTTÖÖTTÖÖTTÖÖTTÖÖÖÒÖÒÖ•ÒP•Ö•TÖÖÖÎÊÖTTÖÖTTÖÖTTÖÖTTÖÖTTÖÖTTÖÖ•ÖÖÒÖÒÖ•ÒP•Ö•TÖÖÖÎÊÖTTÖ•ÒÖÎT•‘Ò••ÖÖÒPÖ‘ÖÒÖÒÖ•ÒP•Ö•TÖÖÖÎÊÖTTÖÖTTÖÖTTÖÖTTÖÖTTÖÖTTÖÖ•ÖÖÒ€€€€€€€€€€€€€€€€€€€€€€€€€€€€€€€€€€€€€€€€€€€€€€€€€€€€€€€€€€€€€€€€€€€€€€€€€€€€€€€€€€€€€€€€€€€€€€€€€€€€€€€€€€€€€€€€€€€€€€€€€€€€€€€€€€€€€€€€€€€€€€€€€€€€€€€€€€€€€€€€€€€€€€€€€€€€€€€€€€€€€€€€€€€€€€€€€€€€€€€€€€€€€€€€€€€€€€€€€€€€€€€€€€€€€€€€€€€€€€€€€€€€€€€€€€€€€€€€€€€€€€€€€€€€€€€€€€€€€€€€€€€€€€€€€€€€€€€€€€€€€€€€€€€€€€€€€€€€€€€€€€