и”и”иии”и””иииии””Њ”ЊЊ”ЊЊЊЊииии”””ЊЊи”иии”иииии”иииииЊ”ЊЊЊииЊ”ЊиЊЊ©и”ЊЊ”иии”и”иии”Њ”Њииииииии””©Њи”и”и”и”ии”Њ”Њииj”иииии”©Њи”и”и”и”ии”Њ”Њииj”иииии”©Њи”и”и”и”ии”Њ”Њииj”иииии”©Њи”и”и”и”Њи””ии”Њи”””иии”иjЊ©ии”Њ©”иииии©Њи””Њи””ии+иЊи”иии”иЊи”ии”ии”ии”””иЊи”ии”””и”ии”ии©ииииии©ии”иииииииЌЌЌ”ииЊи””ЌЌЌЌ”ЊЊЌиии””и“кццN