xxxK—KxñxxxxKxKx—KK=xKxxñKxxK—KxKxxKxxxxxKxxxKxxxÄñKxxxxxxjxxKxxxÄxxxxKxx—xKxñxKññKxxxKxKKxKxxxxxKKKñxKxKxKxKxKK—xxxxxxxxxxxxÄKxxxKÄxxxñKxxxxxxxxx—xKÄxKxKKxxxK¶xKxxxxKñxKxxxxKxxKx=KxxKxKKxKxxxxñKKxxxKxxKxKxxKxxxxxxxxKxxxxxxxxxxK¶xKãxKxñKñxxxxKxxÄxxxñxxxKKxKKKxxxxxñxxxxKxKKKKKxxxxxKxxKxxÄxjxxKxñxñKKxKKKxxKxxxKxxxxKxñxxxKxKxKxxñÄxñxxxjxKKKñxKxÄxKÄKxKxñKxñxÄ—xKxxxxñÄKxxxxKxxxxñÄKxKxKxxKÄ=xKKxKxxjÄxÄñxKñKxxxKxxKxxxxxñ—xxÄKKKjxñÄxxxññxxKKx—KñKKKxKxxKKx—xxxjKKxxxxKKxxKK—Äxjx—KKñxxjxxxñxxx—xxxxxxKKxjKKxxxKK—KKxxKxKxxxxxKxxxxxñxxxxKñj—xxKxxññKxxKK—KKxKxxKxxxxKxjxxxKñxKKKxñxxÄxKKxKKxKxxxKxKKxKxKxxxÄKxxKxxx—KxKxxKKxKKñKñKKKKñKxñxxxñÄKxKxKxxxxKKxÄKxxxjxxxxxxKxxx—xxÄKKKxxxxKKKK=xKxxñKxxK—KxxKKKKxxK=xxKKÄxKxxxx—ñÄxKKxKKKxÄKKxKñKñKÄKxKx—xxxKKKxxKxKKxKxxxxxxxKÄKxxxKxxKxxxxñxx—xxxxxxxñxxxxxxKxK—xxxKññKxñxxxñxñÄxKxxKñxxxxxxxxxxxxjKxxKxxxÊÊÊÊÊÊÊÊÊÊÊÊÊÊÊÊÊÊÊÊÊÊÊÊÊÊÊÊ®®®<÷Ò