Œ¸Œ¸Œ¸Œ¸Œ¸Œ¸Œ¸Œ¸Œ¸Œ¸Œ¸Œ¸Œ¸Œ¸Œ¸Œ¸Œ¸Œ¸ƒöö+Áö+N+ƒ¸íöŒ+¦öƒŒíÁííöŒ+qäW+N¯N"¸Áö+qä+íöƒ++¸Áö+qä+íƒÁ+WŒöÁŒ<+ÁƒzWÁWŒ+EöŒ++"!+Œ"¸Œ+¦WƒWÁÁNÁ+WEöÛ"¯¯íöWNÁƒÁ+"Œ¯ƒöhÉW"Áí"Œzq+öŒ¯ŒŒƒ+íÁŒ¸N¯Œ"öz++Œ"Œ¸Œ¸Œ¸Œ¸Œ¸Œ¸Œ¸Œ¸Œ¸Œ¸Œ¸Œ¸Œ¸Œ¸Œ¸Œ¸Œ¸ƒNöí+ÛÁÁN+öííƒ+Œ¯ä"NÁÁ+"Nö"++WÁööþ++ööŒ3+W¸Á¸W+WöŒWöÁƒöíöözö¸öíÒÁäN++¸ÁöÁíÁ+3Á+öí+íä+ŒW+ö¸¯+3"+N¸WŒ+EöŒ++"!+Œ"¸ŒŒ3+W¸Á¸W+WöŒWöÁƒöíöözöíŒíö3+++Œ++"!+Œ"¸ŒŒ3+W¸Á¸W+WöŒWWŒ3WÁÁŒ++í+Á+ŒWíEÁŒíŒÁÁŒ+Á+ƒŒ<ƒ¸ƒ+qÁW+ízŒ+¯""Á++ÁƒzWÁWŒŒEEÁö"hW¸Œ¸Œ¸Œ¸Œ"öW++í++"ŒÁ"¸NŒöŒ+¸Œ<¯ŒWƒö+Œ¦öö+NŒÁöä"Ní+ööíöÛ"¯¯íöWNÁƒÁ+""íWŒƒäööW++¸++¸öÁ¯ƒÛöŒöÁWÁƒ+qEŒŒ3+W¸Á¸W+WöŒWöÁƒöíöözöíŒíö3+++Œ++"!"ŒÁÁNííö3+++Œ++"!+Œ"¸ŒŒ3+W+ŒöƒŒNV+Œö+í¸"¦Á+qöä¸¯Á¯+Á+NŒN+íöÁ++Œ+ŒöÛö¯ö+z++ÛÁ+ööŒÁöW+íNöWÁ+öŒŒ¸öWöWíWW"äÁ+¸"ŒÁ¦WNÁWíƒ+¸ÁEWö¸++"ŒŒ+ÁŒWöÁ"++öäíöööö"ŒÁWNöƒÁ+hW+ööƒWí"Œöƒ+Á+ö+h¯öÁƒ+EŒö"WÁ¸ÁÒƒí+¸Œ¸Œ¸Œ¸Œ¸Œ¸Œ¸ƒNöí+ÛÁÁN+öííƒ+Œ¯ä"NÁ++Œöö++WöÁö+++ö¦Áí""Œí"öW¯ö+ÁÁíWŒ+WöíWí¸ƒíÒÁEöÁWäöí