¾¾¾¾•¾l¾¾¾¾¾¾¾•¾•l¾¾¾¾¾¾¾l•¾¾•¾••¾•¾l¾¾¾¾¾¾¾••¾•l¾C•¾•l¾•¾¾••l¾¾¾¾¾¾¾¾¾•¾¾¾¾¾•¾¾¾¾¾l¾¾¾l¾ñll¾¾¾¾¾¾¾¾¾l•¾¾••l•l¾¾••¾¾¾C¾¾•¾••¾•È¾¾¾¾¾l¾¾¾••l•C¾¾¾¾¾¾l•¾ñ¾•¾¾¾¾¾l¾•¾¾¾¾¾¾¾¾¾¾¾¾•C¾¾¾•¾¾¾¾••¾¾l••C•l¾•¾¾¾¾¾¾¾¾¾¾¾¾•¾¾¾¾¾¾¾¾•¾•¾l•¾¾¾••••¾¾¾¾¾l¾¾•¾•¾¾¾¾¾¾¾ñ•¾C¾¾l¾¾¾C•¾¾¾•C¾l¾¾¾¾¾¾ll¾•¾¾¾¾¾•¾•¾¾¾¾l¾¾•¾¾¾¾¾¾¾¾•¾¾¾ll¾l¾ñll¾¾•••¾•l¾•ñ¾•¾l¾¾•••¾l•¾¾C•¾C¾•¾¾¾•¾¾¾¾l¾•¾•¾•¾l¾C¾l¾¾•¾¾•¾•¾¾¾¾¾¾¾l¾•¾¾•¾¾¾¾ñll¾•¾•¾•¾¾¾¾l¾•¾••¾¾¾•¾¾•¾¾•l¾¾¾•¾•¾•¾¾¾•¾¾¾¾¾•¾•¾••¾•¾•l•••¾¾¾¾¾•