”B”k””””””””””””””””””””””k””””””””””k””””k”””””””””””””””””””””””””””””kk””””””””””””””””k””””””””kk””””B”””””””””””k”””kk”kk””B””B”k”k”B”””””””””””””B”””k”k”kk”””””k”””k””””””k””””””k””””””k””””””kk”””Bk”””k”k”k”””””””””k”””k”””””””””k”””k””””””””””””k”””k””””””””””””k”””k””””””””””””k””””””””””””k””””””””””””””k””””k”””k”””k”””””””””k”””k””k”””””B”Bk””””k””””””””””””””k”””k””””””””””””k”””””””””””B””B””””””””””””k””””””””””””””””””””””””””””k”k”””””””B”””””k””k”””kk””””””””””””””””k”k”””””””””””””””””kB”k”””k””””k”””””””””k””kB”B”””k”””””””k”””k”””””””k”k”B”””””””””””k”””k”””””””””””k””””B”k”k””””””B”””””””””””k””””k”””””””””k””kB””k”k””””””””””””k””””””””k””k”””Bk”k””””ð”””””k””””k””””””””””””k”””””””B”B””k”k”kk””””k”””””k””k”””k”””””””””””””kkk”””k””””kk”””””k”””kk””””k”k”””””””””k””””k”kk”””k”””kk”kk””B”””””””””””””””””””””””k”k”””””””B”””””k””k”””kk””””””””””””””””k”kk”k”””kB”””””””k”B””””””k””k”””k””k”””””””””k””B””””””””k