°YYYYY°YYY°YY°Y°°YYYYYY°YY^YYYYYYµ°YYYYYYYYYYYYYY°YYY^YY°Y^YYYµ°YY°°YYYYYYYYYYYYYYYYYYYYYYYY°YY°YYYYY°YY°°YY°°YYYYYY°Y°µYY°YYYYYYYY°YYYYYYYYYYYYYYYYY°YYYYYY°°YY°YYYYYYYYYYYYYYYY°°YYYYY°Y°°YYYYYYY°°YYY°YYYYYYYYYYYY°°Y°°Y°°°YY°Y°YYYYYYYY°YYYYYY°°YYYYY°Y°°YYYYYYY°YYYµYYYµ^YYYYYYµ°YYYYYYYYYYY°YYYYYYYYYYY°YYYY°°YY°Y°YYY°Y°YY°°°°°°YµY°YYYYY°Y°°YY°YYYYYYY°°YYYY°YYY°Y°YYµYYYYYY°°YYYYYYY°Y^YY°°YYYY°YYYYYYYYYYY^Y°Y°YYY°°Y°°YYYYY^YYYYYYYYYYYYYYYY°YYYYYYYYYY°°YYYYY°YY°Y°°°