ЭЭЭЭЭЭЭЭЭЭЭЭЭЭЭЭЭЭЭЭЭЭЭЭЭЭЭЭЭЭЭЭЭЭЭЭЭЭЭЭЭЭЭЭЭЭЭЭЭЭЭЭЭЭЭЭЭЭЭЭЭЭЭЭЭЭЭЭЭЭЭЭЭЭЭЭЭЭЭЭЭЭЭЭЭЭЭЭЭЭЭЭЭЭЭЭЭЭЭЭЭЭЭЭЭЭЭЭЭЭЭЭЭЭЭЭЭЭЭЭЭЭЭЭЭЭЭЭЭЭЭЭЭЭЭЭЭЭЭЭЭЭЭЭЭЭЭЭЭЭЭЭЭЭЭЭЭЭЭЭЭЭЭЭЭЭЭЭЭЭЭЭЭЭЭЭЭЭЭЭЭЭЭЭЭЭЭЭЭЭЭЭЭЭЭЭЭЭЭЭЭЭЭЭЭЭЭЭЭЭЭЭЭЭЭЭЭЭЭЭЭЭЭЭЭЭЭЭЭЭЭЭЭЭЭЭЭЭЭЭЭЭЭЭЭЭЭЭЭЭЭЭЭЭЭЭЭЭЭЭЭттЭЭЭЭЭЭЭЭЭЭЭЭЭт<<тЭЭЭЭЭЭЭЭтттттттттт†ттттттттттттт<aттттттттaттттт