æŽŽŽŽŽŽŽŽŽŽŽŽŽŽŽŽŽŽŽŽŽŽŽŽŽ#ùŽŽŽŽŽŽŽ#M¼ùMd#æMù¸ùŽ#ùŽŽŽ¸d#ùdMM'¸¥ùM{ù#Mù¸#M#¥ŽhMùMQ#¥ÓMŽMŽÏŽŽ#MÓ¸Ï¸MùŽŽŽŽŽŽŽM#MM¥MQŽ¸æù¸ùê¥:ŽQdù¥MMÏ#M#Ï#:#ù¸ùù:¥ùÓM#Mù#ùMQ#¥ÓMdM#æM{MŽù¸¥MŽùMMù'#ùMŽ#M¥p¥¸{#Ï¸¸¸Ž#ùŽŽŽ##¸ÏŽæ#ùùŽ#ùMŽ{Ï¸¸ù¸¸ùM¥¸MæQMŽM¸ùdMM'¥¥¥¥¥¥¥¥MŽŽd¸#M’M©M{¸¥Mù##’¼ŽÏ{¸¸æŽd¼ŽŽŽ'¼’M:Ï’#¥MddŽ¸dŽMdMêdM{d#:Ž#Q¥ù¸ùŽ#ùŽŽŽ¸d#ùdMM'¸¥ùM{ù#Mù¸#M#¥ŽhMùMQ#¥ÓŽùŽ#ùŽŽŽ¸d#ùdMM'¸¥ùM{ù#Mù¸#M#¥ŽhMùMQ#¥ÓŽùŽ#ùŽŽŽ¸{ŽŽ¸{ÏM#¸Ž¸:Q¥ù¸ùŽ#ùŽ¸MMM#¥Ž##ŽùMŽùù¸dýMd¸Ïd{d¥¥’æ:#¸:Ïù¼MÏ¸M¸#M#Ž+¸Ž¸M{¸#Ï#¸¸¥Žd¸¸{¸¸ÏMd::M¸Ž#¸Ïd#ý{#ùMŽùM#dææýù¥Ž¼MùQQ#ŽMM¸MMM:Žd#ù–:Žd#¸MæŽ¸Ï:MÏÏù¸{¸æMÏ¸¸Ïê:Ï#Ž#:M+¸Ó#Ï#dùMdÀ#ùù¸{'ÏŽ¸¸{MMùd¼MMý{ŽÏ¸:MMQ¸¼#'Ž#:Ž'¥d{d¸š#M#¥ŽhMùMQ#¥dŽMdMêdM{d#d#æMù¸ùŽ#ùŽŽŽ¸d#ùd¸Ïd{d¥¥’æ:#¸:Ïù¼MÏ¸M¸#M#Ž+¸Ž¸M{¸#Ï#¸¸¥Ždp¥¸ù¸{¸